[E:/ＦｒｅｅＤｏｍ の小道具部屋/backblue.gif]
[E:/ＦｒｅｅＤｏｍ の小道具部屋/fade.gif]
[E:/ＦｒｅｅＤｏｍ の小道具部屋/index.html]
[E:/ＦｒｅｅＤｏｍ の小道具部屋/ferias.life.coocan.jp/index.html]
[E:/ＦｒｅｅＤｏｍ の小道具部屋/ferias.life.coocan.jp/left.html]
[E:/ＦｒｅｅＤｏｍ の小道具部屋/ferias.life.coocan.jp/right.html]
[E:/ＦｒｅｅＤｏｍ の小道具部屋/ferias.life.coocan.jp/backno.html]
[E:/ＦｒｅｅＤｏｍ の小道具部屋/ferias.life.coocan.jp/wforum/captcha5fe6.png]
[E:/ＦｒｅｅＤｏｍ の小道具部屋/ferias.life.coocan.jp/wforum/wforum.html]
[E:/ＦｒｅｅＤｏｍ の小道具部屋/ferias.life.coocan.jp/wforum/css/bbs.css]
[E:/ＦｒｅｅＤｏｍ の小道具部屋/ferias.life.coocan.jp/index-2.html]
[E:/ＦｒｅｅＤｏｍ の小道具部屋/ferias.life.coocan.jp/wforum/wforumfce5.html]
[E:/ＦｒｅｅＤｏｍ の小道具部屋/ferias.life.coocan.jp/wforum/wforumcc88.html]
[E:/ＦｒｅｅＤｏｍ の小道具部屋/ferias.life.coocan.jp/wforum/wforumf175.html]
[E:/ＦｒｅｅＤｏｍ の小道具部屋/ferias.life.coocan.jp/wforum/admin.html]
[E:/ＦｒｅｅＤｏｍ の小道具部屋/ferias.life.coocan.jp/wforum/wforum79fa.html]
[E:/ＦｒｅｅＤｏｍ の小道具部屋/ferias.life.coocan.jp/wforum/wforum5ac3.html]
[E:/ＦｒｅｅＤｏｍ の小道具部屋/ferias.life.coocan.jp/wforum/wforum0a93.html]
[E:/ＦｒｅｅＤｏｍ の小道具部屋/ferias.life.coocan.jp/wforum/wforuma67c.html]
[E:/ＦｒｅｅＤｏｍ の小道具部屋/ferias.life.coocan.jp/wforum/wforuma750.html]
[E:/ＦｒｅｅＤｏｍ の小道具部屋/ferias.life.coocan.jp/wforum/wforum84f0.html]
[E:/ＦｒｅｅＤｏｍ の小道具部屋/ferias.life.coocan.jp/wforum/wforum5887.html]
[E:/ＦｒｅｅＤｏｍ の小道具部屋/ferias.life.coocan.jp/wforum/wforum3113.html]
[E:/ＦｒｅｅＤｏｍ の小道具部屋/ferias.life.coocan.jp/wforum/wforum7a9d.html]
[E:/ＦｒｅｅＤｏｍ の小道具部屋/ferias.life.coocan.jp/wforum/wforum45aa.html]
[E:/ＦｒｅｅＤｏｍ の小道具部屋/ferias.life.coocan.jp/wforum/wforum77aa.html]
[E:/ＦｒｅｅＤｏｍ の小道具部屋/ferias.life.coocan.jp/wforum/wforumb312.html]
[E:/ＦｒｅｅＤｏｍ の小道具部屋/ferias.life.coocan.jp/wforum/wforumbf9d.html]
[E:/ＦｒｅｅＤｏｍ の小道具部屋/ferias.life.coocan.jp/wforum/wforum744d.html]
[E:/ＦｒｅｅＤｏｍ の小道具部屋/ferias.life.coocan.jp/wforum/wforuma734.html]
[E:/ＦｒｅｅＤｏｍ の小道具部屋/ferias.life.coocan.jp/wforum/wforum59db.html]
[E:/ＦｒｅｅＤｏｍ の小道具部屋/ferias.life.coocan.jp/wforum/wforumf446.html]
[E:/ＦｒｅｅＤｏｍ の小道具部屋/ferias.life.coocan.jp/wforum/wforum01f0.html]
[E:/ＦｒｅｅＤｏｍ の小道具部屋/ferias.life.coocan.jp/wforum/wforum1259.html]
[E:/ＦｒｅｅＤｏｍ の小道具部屋/ferias.life.coocan.jp/wforum/wforum01f9.html]
[E:/ＦｒｅｅＤｏｍ の小道具部屋/ferias.life.coocan.jp/wforum/wforume491.html]
[E:/ＦｒｅｅＤｏｍ の小道具部屋/ferias.life.coocan.jp/wforum/wforum5869.html]
[E:/ＦｒｅｅＤｏｍ の小道具部屋/ferias.life.coocan.jp/wforum/wforum5799.html]
[E:/ＦｒｅｅＤｏｍ の小道具部屋/ferias.life.coocan.jp/wforum/wforum525b.html]
[E:/ＦｒｅｅＤｏｍ の小道具部屋/ferias.life.coocan.jp/wforum/wforum1448.html]
[E:/ＦｒｅｅＤｏｍ の小道具部屋/ferias.life.coocan.jp/wforum/wforumf62c.html]
[E:/ＦｒｅｅＤｏｍ の小道具部屋/ferias.life.coocan.jp/wforum/wforumb385.html]
[E:/ＦｒｅｅＤｏｍ の小道具部屋/ferias.life.coocan.jp/wforum/wforumce8a.html]
[E:/ＦｒｅｅＤｏｍ の小道具部屋/ferias.life.coocan.jp/wforum/wforum02d1.html]
[E:/ＦｒｅｅＤｏｍ の小道具部屋/ferias.life.coocan.jp/wforum/wforum62e8.html]
[E:/ＦｒｅｅＤｏｍ の小道具部屋/ferias.life.coocan.jp/wforum/wforum6c0b.html]
